// Jest Snapshot v1, https://goo.gl/fbAQLP

exports[`Testing AppBar component Test if AppBar renders correctly 1`] = `
<SimpleAppBar
  classes={
    Object {
      "root": "SimpleAppBar-root-1",
    }
  }
/>
`;
