// Jest Snapshot v1, https://goo.gl/fbAQLP

exports[`Logout renders a snapshot properly 1`] = `
<div>
  <div
    className="MuiGrid-container-1 MuiGrid-justify-xs-center-18"
  >
    <div
      className="SimpleAppBar-root-98"
    >
      <div
        className="MuiGrid-container-1"
      >
        <header
          className="MuiPaper-root-108 MuiPaper-elevation4-114 MuiAppBar-root-99 MuiAppBar-positionStatic-103 MuiAppBar-colorPrimary-106"
          style={
            Object {
              "background": "#1DA1F2",
            }
          }
        >
          <div
            className="MuiToolbar-root-135 MuiToolbar-regular-137 MuiToolbar-gutters-136"
          >
            <img
              alt="Logo"
              height="40"
              src="Logo.png"
              width="40"
            />
            <h6
              className="MuiTypography-root-139 MuiTypography-h6-156 MuiTypography-colorInherit-168"
            >
              +Monitoria
            </h6>
          </div>
        </header>
      </div>
    </div>
  </div>
  <div
    className="MuiGrid-container-1 MuiGrid-spacing-xs-8-23 MuiGrid-direction-xs-column-4 MuiGrid-align-items-xs-center-9 MuiGrid-justify-xs-center-18"
    style={
      Object {
        "padding": 80,
      }
    }
  >
    <div
      className="MuiGrid-container-1 MuiGrid-item-2 MuiGrid-grid-xs-12-41 MuiGrid-grid-sm-true-43"
    >
      <div
        className="MuiPaper-root-108 MuiPaper-elevation1-111 MuiPaper-rounded-109 MuiCard-root-181 RecipeReviewCard-card-175"
      >
        <div
          className="MuiGrid-container-1 MuiGrid-direction-xs-column-4 MuiGrid-align-items-xs-center-9 MuiGrid-justify-xs-center-18"
        >
          <div
            className="MuiCardHeader-root-182"
          >
            <div
              className="MuiCardHeader-content-185"
            >
              <span
                className="MuiTypography-root-139 MuiTypography-headline-144 MuiCardHeader-title-186"
              >
                Tema: 
              </span>
              <span
                className="MuiTypography-root-139 MuiTypography-body1-148 MuiTypography-colorTextSecondary-172 MuiCardHeader-subheader-187"
              >
                Monitor: 
              </span>
            </div>
          </div>
        </div>
        <div
          className="MuiCardActions-root-188 MuiCardActions-disableActionSpacing-189 RecipeReviewCard-actions-177"
        >
          <button
            aria-label="Add to favorites"
            className="MuiButtonBase-root-197 MuiIconButton-root-191"
            disabled={false}
            onBlur={[Function]}
            onContextMenu={[Function]}
            onFocus={[Function]}
            onKeyDown={[Function]}
            onKeyUp={[Function]}
            onMouseDown={[Function]}
            onMouseLeave={[Function]}
            onMouseUp={[Function]}
            onTouchEnd={[Function]}
            onTouchMove={[Function]}
            onTouchStart={[Function]}
            tabIndex="0"
            type="button"
          >
            <span
              className="MuiIconButton-label-196"
            >
              <svg
                aria-hidden="true"
                className="MuiSvgIcon-root-200"
                focusable="false"
                role="presentation"
                viewBox="0 0 24 24"
              >
                <svg>
                  <path
                    d="M19,13H13V19H11V13H5V11H11V5H13V11H19V13Z"
                    fill="#000000"
                  />
                </svg>
              </svg>
            </span>
            <span
              className="MuiTouchRipple-root-249"
            />
          </button>
          <button
            aria-expanded={false}
            aria-label="Mostrar Mais"
            className="MuiButtonBase-root-197 MuiIconButton-root-191 RecipeReviewCard-expand-178"
            disabled={false}
            onBlur={[Function]}
            onClick={[Function]}
            onContextMenu={[Function]}
            onFocus={[Function]}
            onKeyDown={[Function]}
            onKeyUp={[Function]}
            onMouseDown={[Function]}
            onMouseLeave={[Function]}
            onMouseUp={[Function]}
            onTouchEnd={[Function]}
            onTouchMove={[Function]}
            onTouchStart={[Function]}
            tabIndex="0"
            type="button"
          >
            <span
              className="MuiIconButton-label-196"
            >
              <svg
                aria-hidden="true"
                className="MuiSvgIcon-root-200"
                focusable="false"
                role="presentation"
                viewBox="0 0 24 24"
              >
                <path
                  d="M16.59 8.59L12 13.17 7.41 8.59 6 10l6 6 6-6z"
                />
                <path
                  d="M0 0h24v24H0z"
                  fill="none"
                />
              </svg>
            </span>
            <span
              className="MuiTouchRipple-root-249"
            />
          </button>
        </div>
      </div>
    </div>
  </div>
  <div
    className="MuiGrid-container-1"
  >
    <div
      className=""
    >
      <button
        aria-label="Add"
        className="MuiButtonBase-root-197 MuiFab-root-214 MuiFab-secondary-217 MuiFab-sizeMedium-223"
        disabled={false}
        onBlur={[Function]}
        onContextMenu={[Function]}
        onFocus={[Function]}
        onKeyDown={[Function]}
        onKeyUp={[Function]}
        onMouseDown={[Function]}
        onMouseLeave={[Function]}
        onMouseUp={[Function]}
        onTouchEnd={[Function]}
        onTouchMove={[Function]}
        onTouchStart={[Function]}
        tabIndex="0"
        type="button"
      >
        <span
          className="MuiFab-label-215"
        >
          <svg
            aria-hidden="true"
            className="MuiSvgIcon-root-200"
            focusable="false"
            role="presentation"
            viewBox="0 0 24 24"
          >
            <path
              d="M19 13h-6v6h-2v-6H5v-2h6V5h2v6h6v2z"
            />
            <path
              d="M0 0h24v24H0z"
              fill="none"
            />
          </svg>
        </span>
        <span
          className="MuiTouchRipple-root-249"
        />
      </button>
    </div>
  </div>
  <div
    className="MuiGrid-container-1"
  >
    <div
      className=""
    >
      <div
        className="MuiPaper-root-108 MuiPaper-elevation2-112 IconLabelTabs-root-224"
      >
        <div
          className="MuiTabs-root-225"
        >
          <div
            className="MuiTabs-flexContainer-226"
          >
            <div
              className="MuiTabs-scroller-228 MuiTabs-fixed-229"
              onScroll={[Function]}
              role="tablist"
              style={
                Object {
                  "marginBottom": 0,
                }
              }
            >
              <div
                className="MuiTabs-flexContainer-226"
              >
                <a
                  aria-selected={true}
                  className="MuiButtonBase-root-197 MuiTab-root-234 MuiTab-textColorSecondary-238 MuiTab-selected-239 MuiTab-fullWidth-241"
                  href="/Feed"
                  onBlur={[Function]}
                  onClick={[Function]}
                  onContextMenu={[Function]}
                  onFocus={[Function]}
                  onKeyDown={[Function]}
                  onKeyUp={[Function]}
                  onMouseDown={[Function]}
                  onMouseLeave={[Function]}
                  onMouseUp={[Function]}
                  onTouchEnd={[Function]}
                  onTouchMove={[Function]}
                  onTouchStart={[Function]}
                  role="tab"
                  tabIndex="0"
                >
                  <span
                    className="MuiTab-wrapper-242"
                  >
                    <svg
                      aria-hidden="true"
                      className="MuiSvgIcon-root-200"
                      focusable="false"
                      role="presentation"
                      viewBox="0 0 24 24"
                    >
                      <svg>
                        <path
                          d="M10,20V14H14V20H19V12H22L12,3L2,12H5V20H10Z"
                          fill="#1da1f2"
                        />
                      </svg>
                    </svg>
                  </span>
                  <span
                    className="MuiTouchRipple-root-249"
                  />
                </a>
                <a
                  aria-selected={false}
                  className="MuiButtonBase-root-197 MuiTab-root-234 MuiTab-textColorSecondary-238 MuiTab-fullWidth-241"
                  href="/EditProfile"
                  onBlur={[Function]}
                  onClick={[Function]}
                  onContextMenu={[Function]}
                  onFocus={[Function]}
                  onKeyDown={[Function]}
                  onKeyUp={[Function]}
                  onMouseDown={[Function]}
                  onMouseLeave={[Function]}
                  onMouseUp={[Function]}
                  onTouchEnd={[Function]}
                  onTouchMove={[Function]}
                  onTouchStart={[Function]}
                  role="tab"
                  tabIndex="0"
                >
                  <span
                    className="MuiTab-wrapper-242"
                  >
                    <svg
                      aria-hidden="true"
                      className="MuiSvgIcon-root-200"
                      focusable="false"
                      role="presentation"
                      viewBox="0 0 24 24"
                    >
                      <svg>
                        <path
                          d="M12,4A4,4 0 0,1 16,8A4,4 0 0,1 12,12A4,4 0 0,1 8,8A4,4 0 0,1 12,4M12,14C16.42,14 20,15.79 20,18V20H4V18C4,15.79 7.58,14 12,14Z"
                          fill="#1da1f2"
                        />
                      </svg>
                    </svg>
                  </span>
                  <span
                    className="MuiTouchRipple-root-249"
                  />
                </a>
                <a
                  aria-selected={false}
                  className="MuiButtonBase-root-197 MuiTab-root-234 MuiTab-textColorSecondary-238 MuiTab-fullWidth-241"
                  href="/Ranking"
                  onBlur={[Function]}
                  onClick={[Function]}
                  onContextMenu={[Function]}
                  onFocus={[Function]}
                  onKeyDown={[Function]}
                  onKeyUp={[Function]}
                  onMouseDown={[Function]}
                  onMouseLeave={[Function]}
                  onMouseUp={[Function]}
                  onTouchEnd={[Function]}
                  onTouchMove={[Function]}
                  onTouchStart={[Function]}
                  role="tab"
                  tabIndex="0"
                >
                  <span
                    className="MuiTab-wrapper-242"
                  >
                    <svg
                      aria-hidden="true"
                      className="MuiSvgIcon-root-200"
                      focusable="false"
                      role="presentation"
                      viewBox="0 0 24 24"
                    >
                      <path
                        d="M20,2H4V4L9.81,8.36C6.14,9.57 4.14,13.53 5.35,17.2C6.56,20.87 10.5,22.87 14.19,21.66C17.86,20.45 19.86,16.5 18.65,12.82C17.95,10.71 16.3,9.05 14.19,8.36L20,4V2M14.94,19.5L12,17.78L9.06,19.5L9.84,16.17L7.25,13.93L10.66,13.64L12,10.5L13.34,13.64L16.75,13.93L14.16,16.17L14.94,19.5Z"
                        fill="#1da1f2"
                      />
                       
                    </svg>
                  </span>
                  <span
                    className="MuiTouchRipple-root-249"
                  />
                </a>
                <a
                  aria-selected={false}
                  className="MuiButtonBase-root-197 MuiTab-root-234 MuiTab-textColorSecondary-238 MuiTab-fullWidth-241"
                  href="/Search"
                  onBlur={[Function]}
                  onClick={[Function]}
                  onContextMenu={[Function]}
                  onFocus={[Function]}
                  onKeyDown={[Function]}
                  onKeyUp={[Function]}
                  onMouseDown={[Function]}
                  onMouseLeave={[Function]}
                  onMouseUp={[Function]}
                  onTouchEnd={[Function]}
                  onTouchMove={[Function]}
                  onTouchStart={[Function]}
                  role="tab"
                  tabIndex="0"
                >
                  <span
                    className="MuiTab-wrapper-242"
                  >
                    <svg
                      aria-hidden="true"
                      className="MuiSvgIcon-root-200"
                      focusable="false"
                      role="presentation"
                      viewBox="0 0 24 24"
                    >
                      <svg>
                        <path
                          d="M9.5,3A6.5,6.5 0 0,1 16,9.5C16,11.11 15.41,12.59 14.44,13.73L14.71,14H15.5L20.5,19L19,20.5L14,15.5V14.71L13.73,14.44C12.59,15.41 11.11,16 9.5,16A6.5,6.5 0 0,1 3,9.5A6.5,6.5 0 0,1 9.5,3M9.5,5C7,5 5,7 5,9.5C5,12 7,14 9.5,14C12,14 14,12 14,9.5C14,7 12,5 9.5,5Z"
                          fill="#1da1f2"
                        />
                      </svg>
                    </svg>
                  </span>
                  <span
                    className="MuiTouchRipple-root-249"
                  />
                </a>
              </div>
              <span
                className="MuiPrivateTabIndicator-root-246 MuiPrivateTabIndicator-colorPrimary-247 MuiTabs-indicator-233"
                style={
                  Object {
                    "left": 0,
                    "width": 0,
                  }
                }
              />
            </div>
          </div>
        </div>
      </div>
    </div>
  </div>
</div>
`;
