// Jest Snapshot v1, https://goo.gl/fbAQLP

exports[`Testing ForgotPassword component Test if ForgotPassword renders correctly 1`] = `
<Route>
  <Component />
</Route>
`;
