// Jest Snapshot v1, https://goo.gl/fbAQLP

exports[`Testing Login component Test if Login renders correctly 1`] = `
<Route>
  <Component />
</Route>
`;
