// Jest Snapshot v1, https://goo.gl/fbAQLP

exports[`Testing SignUp component Test if SignUp renders correctly 1`] = `
<Route>
  <Component />
</Route>
`;
